// Jest Snapshot v1, https://goo.gl/fbAQLP

exports[`should render TablePaginationActionsWrapped 1`] = `ShallowWrapper {}`;
