// Jest Snapshot v1, https://goo.gl/fbAQLP

exports[`should render GiftsListContainer 1`] = `
<WithStyles(ForwardRef(CircularProgress))
  style={
    Object {
      "marginLeft": "50%",
      "marginTop": "10%",
    }
  }
/>
`;
